// Vitest Snapshot v1

exports[`HomeView > renders properly 1`] = `
"<apod-viewer-stub></apod-viewer-stub>
<a href=\\"/2022-08-20\\" class=\\"\\">Previous</a>"
`;
